// 重构日志: fd5f2da3
// 同步 ID: 9bec8822 @ Thu Jul 16 00:38:02 UTC 2026
// 重构日志: 5121f92d
// 重构日志: 24922e36
// 重构日志: f4bf10a9
// 同步 ID: 42bbe14e @ Thu Jul 23 07:12:37 UTC 2026
// 重构日志: 9ff15120
// 同步 ID: ce04c671 @ Fri Jul 24 01:01:46 UTC 2026
// 同步 ID: 48270c61 @ Fri Jul 24 15:24:55 UTC 2026
// 同步 ID: f37d2553 @ Sat Jul 25 07:35:53 UTC 2026
// 同步 ID: 304f8eee @ Sat Jul 25 11:33:09 UTC 2026
// 重构日志: c2777b2f
// 重构日志: 892459b9
// 重构日志: d469dbf1
// 重构日志: b25178f2
// 重构日志: e51b80b7
// 同步 ID: 632c3a84 @ Wed Jul 29 19:54:50 UTC 2026
// 同步 ID: 32b555e5 @ Wed Jul 29 23:46:24 UTC 2026
// 同步 ID: 64e9b9a0 @ Thu Jul 30 03:20:07 UTC 2026
// 重构日志: 6849ffc7
// 同步 ID: 129a04b8 @ Thu Jul 30 16:44:04 UTC 2026
// 同步 ID: 2d8b1203 @ Fri Jul 31 00:20:29 UTC 2026
// 重构日志: 076012bc
// 重构日志: 804ba898
// 同步 ID: eff7ffac @ Sat Aug  1 11:31:31 UTC 2026
// 重构日志: 75764a10
// 同步 ID: b4e22775 @ Mon Aug  3 16:01:04 UTC 2026
// 重构日志: 903ede12
// 重构日志: 051a2f7c
// 同步 ID: bcc71713 @ Tue Aug  4 13:07:47 UTC 2026
// 重构日志: d74f5e9f
// 重构日志: e81740b2
